<html>
<body>
<pre>
<h1>µVision Build Log</h1>
<h2>Project:</h2>
N:\SE350\OS\P1\context_switching.uvproj
Project File Date:  02/01/2016

<h2>Output:</h2>
Build target 'RAM'
compiling uart_polling.c...
compiling printf.c...
compiling main_svc.c...
compiling uart_irq.c...
compiling k_rtx_init.c...
compiling k_memory.c...
compiling k_process.c...
compiling usr_proc.c...
linking...
Program Size: Code=3600 RO-data=412 RW-data=52 ZI-data=676  
"context_switching.axf" - 0 Error(s), 0 Warning(s).
Load "N:\\SE350\\OS\\P1\\context_switching.AXF" 
No Algorithm found for: 10000000H - 10000FDBH
Partial Erase Done (areas with no algorithms skipped!)
No Algorithm found for: 10000000H - 10000FDBH
Partial Programming Done (areas with no algorithms skipped!)
Partial Verify OK (areas with no algorithms skipped!)
Rebuild target 'RAM'
assembling startup_LPC17xx.s...
compiling system_LPC17xx.c...
compiling uart_polling.c...
compiling printf.c...
compiling main_svc.c...
compiling uart_irq.c...
compiling HAL.c...
compiling k_rtx_init.c...
src\list.h(35): warning:  #1-D: last line of file ends without a newline
compiling k_memory.c...
src\list.h(35): warning:  #1-D: last line of file ends without a newline
compiling k_process.c...
compiling usr_proc.c...
linking...
Program Size: Code=3600 RO-data=412 RW-data=52 ZI-data=676  
"context_switching.axf" - 0 Error(s), 2 Warning(s).
Load "N:\\SE350\\OS\\P1\\context_switching.AXF" 
No Algorithm found for: 10000000H - 10000FDBH
Partial Erase Done (areas with no algorithms skipped!)
No Algorithm found for: 10000000H - 10000FDBH
Partial Programming Done (areas with no algorithms skipped!)
Partial Verify OK (areas with no algorithms skipped!)
