<html>
<body>
<pre>
<h1>µVision Build Log</h1>
<h2>Project:</h2>
N:\SE350\SE350-master\SE350-master\manual_code\Context_Switching_UART\context_switching.uvproj
Project File Date:  01/18/2016

<h2>Output:</h2>
Build target 'RAM'
linking...
Program Size: Code=3596 RO-data=412 RW-data=52 ZI-data=676  
"context_switching.axf" - 0 Error(s), 0 Warning(s).
Load "N:\\SE350\\SE350-master\\SE350-master\\manual_code\\Context_Switching_UART\\context_switching.AXF" 
No Algorithm found for: 10000000H - 10000FD7H
Partial Erase Done (areas with no algorithms skipped!)
No Algorithm found for: 10000000H - 10000FD7H
Partial Programming Done (areas with no algorithms skipped!)
Partial Verify OK (areas with no algorithms skipped!)
Build target 'RAM'
compiling usr_proc.c...
linking...
Program Size: Code=3600 RO-data=412 RW-data=52 ZI-data=676  
"context_switching.axf" - 0 Error(s), 0 Warning(s).
Load "N:\\SE350\\SE350-master\\SE350-master\\manual_code\\Context_Switching_UART\\context_switching.AXF" 
No Algorithm found for: 10000000H - 10000FDBH
Partial Erase Done (areas with no algorithms skipped!)
No Algorithm found for: 10000000H - 10000FDBH
Partial Programming Done (areas with no algorithms skipped!)
Partial Verify OK (areas with no algorithms skipped!)
Build target 'RAM'
compiling usr_proc.c...
linking...
Program Size: Code=3600 RO-data=412 RW-data=52 ZI-data=676  
"context_switching.axf" - 0 Error(s), 0 Warning(s).
Build target 'RAM'
linking...
Program Size: Code=3600 RO-data=412 RW-data=52 ZI-data=676  
"context_switching.axf" - 0 Error(s), 0 Warning(s).
Load "N:\\SE350\\SE350-master\\SE350-master\\manual_code\\Context_Switching_UART\\context_switching.AXF" 
No Algorithm found for: 10000000H - 10000FDBH
Partial Erase Done (areas with no algorithms skipped!)
No Algorithm found for: 10000000H - 10000FDBH
Partial Programming Done (areas with no algorithms skipped!)
Partial Verify OK (areas with no algorithms skipped!)
